// Jest Snapshot v1, https://goo.gl/fbAQLP

exports[`RadioButton renders with default styles 1`] = `
<View
  style={
    Array [
      Object {
        "flexDirection": "column",
        "flexWrap": "wrap",
        "justifyContent": "space-between",
      },
      null,
    ]
  }
  testID="radioButton1$wrapper"
>
  <View
    accessible={true}
    focusable={true}
    onBlur={[Function]}
    onClick={[Function]}
    onFocus={[Function]}
    onResponderGrant={[Function]}
    onResponderMove={[Function]}
    onResponderRelease={[Function]}
    onResponderTerminate={[Function]}
    onResponderTerminationRequest={[Function]}
    onStartShouldSetResponder={[Function]}
    style={
      Object {
        "alignItems": "center",
        "flexDirection": "row",
        "paddingVertical": 5,
      }
    }
    testID="a.Formatted a"
  >
    <View
      style={
        Array [
          Object {
            "alignItems": "center",
            "backgroundColor": "#000",
            "borderColor": "#fff",
            "borderRadius": 10,
            "borderWidth": 1,
            "height": 20,
            "justifyContent": "center",
            "width": 20,
          },
          null,
        ]
      }
    >
      <View
        style={
          Array [
            Object {
              "backgroundColor": "#fff",
              "borderRadius": 5,
              "height": 10,
              "width": 10,
            },
            null,
          ]
        }
      />
    </View>
    <Text
      style={
        Array [
          Object {
            "color": "#000",
            "fontSize": 20,
            "marginStart": 5,
          },
          null,
        ]
      }
    >
      Formatted a
    </Text>
  </View>
  <View
    accessible={true}
    focusable={true}
    onBlur={[Function]}
    onClick={[Function]}
    onFocus={[Function]}
    onResponderGrant={[Function]}
    onResponderMove={[Function]}
    onResponderRelease={[Function]}
    onResponderTerminate={[Function]}
    onResponderTerminationRequest={[Function]}
    onStartShouldSetResponder={[Function]}
    style={
      Object {
        "alignItems": "center",
        "flexDirection": "row",
        "paddingVertical": 5,
      }
    }
    testID="b.Formatted b"
  >
    <View
      style={
        Array [
          Object {
            "alignItems": "center",
            "backgroundColor": "#000",
            "borderColor": "#fff",
            "borderRadius": 10,
            "borderWidth": 1,
            "height": 20,
            "justifyContent": "center",
            "width": 20,
          },
          null,
        ]
      }
    />
    <Text
      style={
        Array [
          Object {
            "color": "#000",
            "fontSize": 20,
            "marginStart": 5,
          },
          null,
        ]
      }
    >
      Formatted b
    </Text>
  </View>
</View>
`;
